http://purl.org/ontology/mo/review###http://dbpedia.org/ontology/review
http://purl.org/ontology/mo/lyrics###http://dbpedia.org/ontology/lyrics
http://purl.org/ontology/mo/track_number###http://dbpedia.org/ontology/trackNumber
http://purl.org/ontology/mo/compiler###http://dbpedia.org/ontology/compiler
http://purl.org/ontology/mo/recorded_in###http://dbpedia.org/ontology/recordedIn
http://purl.org/ontology/mo/usedInRecording###http://dbpedia.org/ontology/recordedIn
http://purl.org/NET/c4dm/event.owl#producedIn###http://dbpedia.org/ontology/coProducer
http://purl.org/ontology/mo/derived_from###http://dbpedia.org/ontology/derivative
http://purl.org/ontology/mo/channels###http://dbpedia.org/ontology/channel
http://purl.org/ontology/mo/producer###http://dbpedia.org/ontology/coProducer
http://purl.org/ontology/mo/imdb###http://dbpedia.org/ontology/imdbId
http://purl.org/ontology/mo/record_side###http://dbpedia.org/ontology/aSide
http://purl.org/ontology/mo/composed_in###http://dbpedia.org/ontology/musicComposer
http://purl.org/ontology/ao/core#genre###http://dbpedia.org/ontology/musicFusionGenre
http://purl.org/ontology/mo/supporting_musician###http://dbpedia.org/ontology/musicians
http://purl.org/ontology/mo/origin###http://dbpedia.org/ontology/stylisticOrigin
http://purl.org/ontology/mo/image###http://dbpedia.org/ontology/naacpImageAward
http://purl.org/ontology/mo/recordedAs###http://dbpedia.org/ontology/recordDate
http://purl.org/ontology/mo/produced###http://dbpedia.org/ontology/coExecutiveProducer
http://data.linkedmdb.org/resource/movie/language###http://dbpedia.org/ontology/language
http://data.linkedmdb.org/resource/movie/runtime###http://dbpedia.org/ontology/runtime
http://data.linkedmdb.org/resource/movie/writer###http://dbpedia.org/ontology/writer
http://data.linkedmdb.org/resource/movie/actor###http://dbpedia.org/ontology/starring
http://data.linkedmdb.org/resource/movie/executive_producer###http://dbpedia.org/ontology/coExecutiveProducer
http://data.linkedmdb.org/resource/movie/cinematographer###http://dbpedia.org/ontology/cinematography
http://data.linkedmdb.org/resource/movie/producer###http://dbpedia.org/ontology/producer
http://data.linkedmdb.org/resource/movie/filmid###http://dbpedia.org/ontology/film
http://data.linkedmdb.org/resource/movie/music_contributor_music_contributorid###http://dbpedia.org/ontology/musicBy
http://data.linkedmdb.org/resource/movie/editor###http://dbpedia.org/ontology/editing
http://data.linkedmdb.org/resource/movie/film_festival_event_closing_date###http://dbpedia.org/ontology/closingFilm
http://data.linkedmdb.org/resource/movie/film_festival_event_opening_date###http://dbpedia.org/ontology/openingFilm
http://data.linkedmdb.org/resource/movie/genre###http://dbpedia.org/ontology/musicFusionGenre
http://purl.org/dc/terms/date###http://dbpedia.org/ontology/recordDate
http://data.linkedmdb.org/resource/movie/director###http://dbpedia.org/ontology/creativeDirector
http://data.linkedmdb.org/resource/movie/film_film_distributor_relationship_film_cut###http://dbpedia.org/ontology/film
http://data.linkedmdb.org/resource/movie/actor_name###http://dbpedia.org/ontology/screenActorsGuildAward
http://data.linkedmdb.org/resource/movie/music_contributor_name###http://dbpedia.org/ontology/musicalArtist
http://data.linkedmdb.org/resource/movie/music_contributor###http://dbpedia.org/ontology/musicComposer